\BOOKMARK [0][-]{chapter.1}{Introduction}{}% 1
\BOOKMARK [1][-]{section.1.1}{Welcome}{chapter.1}% 2
\BOOKMARK [1][-]{section.1.2}{Why\040This\040Book?}{chapter.1}% 3
\BOOKMARK [1][-]{section.1.3}{Course\040Overview}{chapter.1}% 4
\BOOKMARK [2][-]{subsection.1.3.1}{Introduction\040to\040Probabilistic\040Methods\040and\040Monte\040Carlo\040Simulations}{section.1.3}% 5
\BOOKMARK [2][-]{subsection.1.3.2}{Linear\040Models}{section.1.3}% 6
\BOOKMARK [2][-]{subsection.1.3.3}{Preprocessing,\040Local\040Models\040and\040Tree-Based\040Models}{section.1.3}% 7
\BOOKMARK [2][-]{subsection.1.3.4}{Neural\040Networks\040for\040Regression}{section.1.3}% 8
\BOOKMARK [2][-]{subsection.1.3.5}{Ensemble\040Models\040and\040Feature\040Selection}{section.1.3}% 9
\BOOKMARK [2][-]{subsection.1.3.6}{Classification}{section.1.3}% 10
\BOOKMARK [1][-]{section.1.4}{Practical\040Exercises}{chapter.1}% 11
\BOOKMARK [1][-]{section.1.5}{Final\040Notes}{chapter.1}% 12
\BOOKMARK [0][-]{chapter.2}{Notation\040Sheet}{}% 13
\BOOKMARK [0][-]{chapter.3}{Introduction\040to\040Probabilistic\040Methods\040and\040Monte\040Carlo\040Simulations}{}% 14
\BOOKMARK [1][-]{section.3.1}{Necessary\040Libraries}{chapter.3}% 15
\BOOKMARK [1][-]{section.3.2}{Introduction\040to\040NumPy}{chapter.3}% 16
\BOOKMARK [2][-]{subsection.3.2.1}{Manipulation\040of\040NumPy\040Arrays}{section.3.2}% 17
\BOOKMARK [2][-]{subsection.3.2.2}{Basic\040Operations}{section.3.2}% 18
\BOOKMARK [1][-]{section.3.3}{Probabilistic\040Foundations}{chapter.3}% 19
\BOOKMARK [2][-]{subsection.3.3.1}{Expectation\040and\040Variance}{section.3.3}% 20
\BOOKMARK [2][-]{subsection.3.3.2}{Common\040Probability\040Distributions}{section.3.3}% 21
\BOOKMARK [3][-]{subsubsection*.3}{Uniform\040Distribution}{subsection.3.3.2}% 22
\BOOKMARK [3][-]{subsubsection*.4}{Normal\040\(Gaussian\)\040Distribution}{subsection.3.3.2}% 23
\BOOKMARK [1][-]{section.3.4}{Introduction\040to\040the\040numpy.random\040Module}{chapter.3}% 24
\BOOKMARK [2][-]{subsection.3.4.1}{Reproducibility\040of\040Results}{section.3.4}% 25
\BOOKMARK [2][-]{subsection.3.4.2}{Available\040Distributions}{section.3.4}% 26
\BOOKMARK [2][-]{subsection.3.4.3}{Sampling}{section.3.4}% 27
\BOOKMARK [2][-]{subsection.3.4.4}{Statistical\040Analysis}{section.3.4}% 28
\BOOKMARK [2][-]{subsection.3.4.5}{Exercise:\040Histogram\040-\040Probability\040Density\040Function\040of\040a\040N\(0,1\)\040vs\040Histogram}{section.3.4}% 29
\BOOKMARK [3][-]{subsubsection*.5}{Solution}{subsection.3.4.5}% 30
\BOOKMARK [1][-]{section.3.5}{Multivariate\040Gaussian\040Distributions}{chapter.3}% 31
\BOOKMARK [2][-]{subsection.3.5.1}{Exercise}{section.3.5}% 32
\BOOKMARK [3][-]{subsubsection*.6}{Solution}{subsection.3.5.1}% 33
\BOOKMARK [1][-]{section.3.6}{Monte\040Carlo\040Simulation}{chapter.3}% 34
\BOOKMARK [2][-]{subsection.3.6.1}{Monte\040Carlo\040Integration}{section.3.6}% 35
\BOOKMARK [2][-]{subsection.3.6.2}{Exercise:\040Integral\040Estimation}{section.3.6}% 36
\BOOKMARK [3][-]{subsubsection*.7}{Solution}{subsection.3.6.2}% 37
\BOOKMARK [2][-]{subsection.3.6.3}{Exercise:\040Probability\040Estimation}{section.3.6}% 38
\BOOKMARK [3][-]{subsubsection*.8}{Solution}{subsection.3.6.3}% 39
\BOOKMARK [2][-]{subsection.3.6.4}{Exercise:\040Monte\040Carlo\040Approximation\040of\040Parameters}{section.3.6}% 40
\BOOKMARK [3][-]{subsubsection*.9}{Solution}{subsection.3.6.4}% 41
\BOOKMARK [2][-]{subsection.3.6.5}{Exercise:\040Absolute\040Value}{section.3.6}% 42
\BOOKMARK [3][-]{subsubsection*.10}{Solution}{subsection.3.6.5}% 43
\BOOKMARK [2][-]{subsection.3.6.6}{Exercise:\040Expected\040Value\040for\040any\040Function}{section.3.6}% 44
\BOOKMARK [3][-]{subsubsection*.11}{Solution}{subsection.3.6.6}% 45
\BOOKMARK [2][-]{subsection.3.6.7}{Exercise:\040Variance\040of\040Uniform\040Random\040Variable}{section.3.6}% 46
\BOOKMARK [3][-]{subsubsection*.12}{Solution}{subsection.3.6.7}% 47
\BOOKMARK [2][-]{subsection.3.6.8}{Exercise:\040Covariance\040of\040a\040Multiple\040of\040a\040Random\040Variable}{section.3.6}% 48
\BOOKMARK [3][-]{subsubsection*.13}{Solution}{subsection.3.6.8}% 49
\BOOKMARK [1][-]{section.3.7}{Monte\040Carlo\040and\040Multivariate\040Gaussian\040Distributions}{chapter.3}% 50
\BOOKMARK [2][-]{subsection.3.7.1}{Exercise:\0402D\040Monte\040Carlo\040Simulation}{section.3.7}% 51
\BOOKMARK [3][-]{subsubsection*.14}{Solution}{subsection.3.7.1}% 52
\BOOKMARK [2][-]{subsection.3.7.2}{Exercise:}{section.3.7}% 53
\BOOKMARK [3][-]{subsubsection*.15}{Solution}{subsection.3.7.2}% 54
\BOOKMARK [2][-]{subsection.3.7.3}{Exercise:\040Trivariate\040Gaussian\040Data}{section.3.7}% 55
\BOOKMARK [3][-]{subsubsection*.16}{Solution}{subsection.3.7.3}% 56
\BOOKMARK [2][-]{subsection.3.7.4}{Exercise:\040Partial\040Correlation}{section.3.7}% 57
\BOOKMARK [3][-]{subsubsection*.17}{Solution}{subsection.3.7.4}% 58
\BOOKMARK [1][-]{section.3.8}{Minimization}{chapter.3}% 59
\BOOKMARK [2][-]{subsection.3.8.1}{Exercise:\040Minimization}{section.3.8}% 60
\BOOKMARK [3][-]{subsubsection*.18}{Solution}{subsection.3.8.1}% 61
\BOOKMARK [1][-]{section.3.9}{Mixture\040of\040Gaussians}{chapter.3}% 62
\BOOKMARK [1][-]{section.3.10}{Conclusion}{chapter.3}% 63
\BOOKMARK [0][-]{chapter.4}{Linear\040Models}{}% 64
\BOOKMARK [1][-]{section.4.1}{Introduction}{chapter.4}% 65
\BOOKMARK [1][-]{section.4.2}{Generating\040Synthetic\040Multivariate\040Data}{chapter.4}% 66
\BOOKMARK [2][-]{subsection.4.2.1}{Exercise}{section.4.2}% 67
\BOOKMARK [3][-]{subsubsection*.19}{Solution}{subsection.4.2.1}% 68
\BOOKMARK [2][-]{subsection.4.2.2}{Quick\040Data\040Inspection}{section.4.2}% 69
\BOOKMARK [1][-]{section.4.3}{\376\377\000O\000r\000d\000i\000n\000a\000r\000y\000\040\000L\000e\000a\000s\000t\000\040\000S\000q\000u\000a\000r\000e\000s\000\040\000\050\000O\000L\000S\000\051\000\040\040\023\000\040\000M\000a\000n\000u\000a\000l\000\040\000C\000o\000m\000p\000u\000t\000a\000t\000i\000o\000n\000\040\000U\000s\000i\000n\000g\000\040\000M\000a\000t\000r\000i\000x\000\040\000A\000l\000g\000e\000b\000r\000a}{chapter.4}% 70
\BOOKMARK [2][-]{subsection.4.3.1}{Comparison\040with\040statsmodels}{section.4.3}% 71
\BOOKMARK [2][-]{subsection.4.3.2}{Observations}{section.4.3}% 72
\BOOKMARK [1][-]{section.4.4}{Residual\040Analysis\040and\040Tests}{chapter.4}% 73
\BOOKMARK [2][-]{subsection.4.4.1}{Residuals\040vs.\040Fitted\040Plot}{section.4.4}% 74
\BOOKMARK [2][-]{subsection.4.4.2}{Normal\040Q-Q\040Plot\040\(Quantile-Quantile\040Plot\)}{section.4.4}% 75
\BOOKMARK [3][-]{subsubsection*.20}{Comments}{subsection.4.4.2}% 76
\BOOKMARK [1][-]{section.4.5}{Input\040Transformations\040-\040Polynomial\040Features}{chapter.4}% 77
\BOOKMARK [2][-]{subsection.4.5.1}{Example:\040Still\040a\040Linear\040Model}{section.4.5}% 78
\BOOKMARK [2][-]{subsection.4.5.2}{What\040Would\040NOT\040Be\040a\040Linear\040Model?}{section.4.5}% 79
\BOOKMARK [1][-]{section.4.6}{Why\040Use\040Polynomial\040Features\040in\040Linear\040Regression?}{chapter.4}% 80
\BOOKMARK [2][-]{subsection.4.6.1}{Polynomial\040Feature\040Expansion}{section.4.6}% 81
\BOOKMARK [2][-]{subsection.4.6.2}{Example}{section.4.6}% 82
\BOOKMARK [2][-]{subsection.4.6.3}{How\040to\040Implement\040Polynomial\040Features\040in\040Python}{section.4.6}% 83
\BOOKMARK [3][-]{subsubsection*.21}{2.6.3.1.\040Residual\040analysis\040and\040QQ-plot}{subsection.4.6.3}% 84
\BOOKMARK [1][-]{section.4.7}{RBF\040Expansion}{chapter.4}% 85
\BOOKMARK [2][-]{subsection.4.7.1}{What\040is\040RBF\040Expansion?}{section.4.7}% 86
\BOOKMARK [3][-]{subsubsection*.22}{Why\040Use\040RBF\040Instead\040of\040Polynomial\040Expansion?}{subsection.4.7.1}% 87
\BOOKMARK [2][-]{subsection.4.7.2}{Implementing\040RBF\040Expansion\040with\040Random\040Fourier\040Features}{section.4.7}% 88
\BOOKMARK [3][-]{subsubsection*.23}{Comments}{subsection.4.7.2}% 89
\BOOKMARK [1][-]{section.4.8}{Ridge\040Regression}{chapter.4}% 90
\BOOKMARK [2][-]{subsection.4.8.1}{Ridge\040Closed-form}{section.4.8}% 91
\BOOKMARK [2][-]{subsection.4.8.2}{Residual\040analysis\040for\040Ridge}{section.4.8}% 92
\BOOKMARK [1][-]{section.4.9}{Conclusion}{chapter.4}% 93
\BOOKMARK [0][-]{chapter.5}{Data\040Preprocessing,\040Local\040Models\040and\040Tree-Based\040Models}{}% 94
\BOOKMARK [1][-]{section.5.1}{Introduction}{chapter.5}% 95
\BOOKMARK [2][-]{subsection.5.1.1}{Important\040precision\040about\040the\040evaluation\040metric\040used\040in\040this\040practical}{section.5.1}% 96
\BOOKMARK [2][-]{subsection.5.1.2}{Data\040preprocessing\040overview}{section.5.1}% 97
\BOOKMARK [1][-]{section.5.2}{K-Nearest\040Neighbors}{chapter.5}% 98
\BOOKMARK [1][-]{section.5.3}{Regression\040Trees}{chapter.5}% 99
\BOOKMARK [1][-]{section.5.4}{Random\040Forests}{chapter.5}% 100
\BOOKMARK [2][-]{subsection.5.4.1}{Why\040does\040this\040reduce\040variance?}{section.5.4}% 101
\BOOKMARK [2][-]{subsection.5.4.2}{Main\040Hyperparameters}{section.5.4}% 102
\BOOKMARK [1][-]{section.5.5}{Feature\040Importances}{chapter.5}% 103
\BOOKMARK [1][-]{section.5.6}{Scikit-learn\040Pipelines}{chapter.5}% 104
\BOOKMARK [1][-]{section.5.7}{Exercises}{chapter.5}% 105
\BOOKMARK [2][-]{subsection.5.7.1}{California\040Housing}{section.5.7}% 106
\BOOKMARK [3][-]{subsubsection*.24}{Solution}{subsection.5.7.1}% 107
\BOOKMARK [4][-]{paragraph*.25}{Dataset\040and\040exploration}{subsubsection*.24}% 108
\BOOKMARK [4][-]{paragraph*.26}{Dealing\040with\040Categorical\040Values}{subsubsection*.24}% 109
\BOOKMARK [4][-]{paragraph*.27}{Normalization/Scaling}{subsubsection*.24}% 110
\BOOKMARK [2][-]{subsection.5.7.2}{Vanilla\040KNN\040Implementation}{section.5.7}% 111
\BOOKMARK [3][-]{subsubsection*.28}{Solution}{subsection.5.7.2}% 112
\BOOKMARK [2][-]{subsection.5.7.3}{Regression\040Trees\040and\040Random\040Forests}{section.5.7}% 113
\BOOKMARK [3][-]{subsubsection*.29}{Solution:\040Implementation\040with\040scikit-learn}{subsection.5.7.3}% 114
\BOOKMARK [3][-]{subsubsection*.30}{Feature\040importance\040with\040the\040best\040models}{subsection.5.7.3}% 115
\BOOKMARK [2][-]{subsection.5.7.4}{Building\040a\040Pipeline}{section.5.7}% 116
\BOOKMARK [3][-]{subsubsection*.31}{Solution}{subsection.5.7.4}% 117
\BOOKMARK [2][-]{subsection.5.7.5}{\376\377\000A\000d\000d\000i\000t\000i\000o\000n\000a\000l\000\040\000e\000x\000e\000r\000c\000i\000s\000e\000:\000\040\000b\000i\000a\000s\040\023\000v\000a\000r\000i\000a\000n\000c\000e\000\040\000t\000r\000a\000d\000e\000-\000o\000f\000f\000\040\000i\000n\000\040\000r\000e\000g\000r\000e\000s\000s\000i\000o\000n\000\040\000w\000i\000t\000h\000\040\000d\000e\000c\000i\000s\000i\000o\000n\000\040\000t\000r\000e\000e\000s}{section.5.7}% 118
\BOOKMARK [3][-]{subsubsection*.32}{Solution}{subsection.5.7.5}% 119
\BOOKMARK [0][-]{chapter.6}{Neural\040Networks\040for\040Regression}{}% 120
\BOOKMARK [1][-]{section.6.1}{Introduction}{chapter.6}% 121
\BOOKMARK [1][-]{section.6.2}{Data\040Preprocessing\040for\040Neural\040Networks}{chapter.6}% 122
\BOOKMARK [2][-]{subsection.6.2.1}{Normalization\040and\040Standardization}{section.6.2}% 123
\BOOKMARK [2][-]{subsection.6.2.2}{Input\040Data\040Shaping}{section.6.2}% 124
\BOOKMARK [1][-]{section.6.3}{Feed-Forward\040Neural\040Networks\040\(MLPs\)}{chapter.6}% 125
\BOOKMARK [2][-]{subsection.6.3.1}{Architecture\040and\040Notation}{section.6.3}% 126
\BOOKMARK [1][-]{section.6.4}{Convolutional\040Neural\040Networks\040\(CNNs\)}{chapter.6}% 127
\BOOKMARK [2][-]{subsection.6.4.1}{Convolution\040Operation}{section.6.4}% 128
\BOOKMARK [2][-]{subsection.6.4.2}{Pooling\040Layers}{section.6.4}% 129
\BOOKMARK [1][-]{section.6.5}{Activation\040Functions}{chapter.6}% 130
\BOOKMARK [1][-]{section.6.6}{Cost\040function\040and\040matrix-based\040Back-Propagation}{chapter.6}% 131
\BOOKMARK [2][-]{subsection.6.6.1}{Sum\040of\040Squared\040Errors\040\(SSE\)}{section.6.6}% 132
\BOOKMARK [2][-]{subsection.6.6.2}{Gradient\040Descent\040Update}{section.6.6}% 133
\BOOKMARK [2][-]{subsection.6.6.3}{Back-Propagation\040\(Algorithm\0402\)}{section.6.6}% 134
\BOOKMARK [1][-]{section.6.7}{Example:\040Back-Propagation\040in\040a\040MLP}{chapter.6}% 135
\BOOKMARK [1][-]{section.6.8}{Overfitting\040and\040Cross-Validation}{chapter.6}% 136
\BOOKMARK [2][-]{subsection.6.8.1}{Overfitting\040Phenomenon}{section.6.8}% 137
\BOOKMARK [2][-]{subsection.6.8.2}{Detection\040and\040Mitigation}{section.6.8}% 138
\BOOKMARK [1][-]{section.6.9}{Model\040Persistence:\040Saving\040and\040Loading\040Models\040in\040PyTorch}{chapter.6}% 139
\BOOKMARK [1][-]{section.6.10}{Example:\040CNN\040for\040Regression}{chapter.6}% 140
\BOOKMARK [1][-]{section.6.11}{Introduction\040to\040PyTorch\040tensors}{chapter.6}% 141
\BOOKMARK [2][-]{subsection.6.11.1}{Creating\040Tensors}{section.6.11}% 142
\BOOKMARK [2][-]{subsection.6.11.2}{Basic\040Tensor\040Operations}{section.6.11}% 143
\BOOKMARK [3][-]{subsubsection*.33}{Arithmetic\040operations}{subsection.6.11.2}% 144
\BOOKMARK [3][-]{subsubsection*.34}{Indexing\040and\040slicing}{subsection.6.11.2}% 145
\BOOKMARK [3][-]{subsubsection*.35}{Reshaping\040and\040concatenation}{subsection.6.11.2}% 146
\BOOKMARK [2][-]{subsection.6.11.3}{Autograd\040and\040Gradients}{section.6.11}% 147
\BOOKMARK [2][-]{subsection.6.11.4}{Advanced\040Tensor\040Functions}{section.6.11}% 148
\BOOKMARK [3][-]{subsubsection*.36}{Broadcasting}{subsection.6.11.4}% 149
\BOOKMARK [3][-]{subsubsection*.37}{Device\040Management\040\(CPU\040vs\040GPU\)}{subsection.6.11.4}% 150
\BOOKMARK [3][-]{subsubsection*.38}{In-place\040Operations}{subsection.6.11.4}% 151
\BOOKMARK [1][-]{section.6.12}{Exercises}{chapter.6}% 152
\BOOKMARK [2][-]{subsection.6.12.1}{Comparison\040of\040symbolic\040and\040automatic\040differentiation\040in\040a\040simple\040feedforward\040neural\040network}{section.6.12}% 153
\BOOKMARK [3][-]{subsubsection*.39}{Problem\040setup}{subsection.6.12.1}% 154
\BOOKMARK [3][-]{subsubsection*.40}{PyTorch\040implementation}{subsection.6.12.1}% 155
\BOOKMARK [2][-]{subsection.6.12.2}{Facial\040keypoints\040detection\040with\040PyTorch\040FCN\040and\040CNN\040architectures}{section.6.12}% 156
\BOOKMARK [3][-]{subsubsection*.41}{Dataset\040overview}{subsection.6.12.2}% 157
\BOOKMARK [3][-]{subsubsection*.42}{Data\040exploration}{subsection.6.12.2}% 158
\BOOKMARK [3][-]{subsubsection*.43}{Data\040preprocessing}{subsection.6.12.2}% 159
\BOOKMARK [3][-]{subsubsection*.44}{Fully\040connected\040neural\040network\040\(FCN\)}{subsection.6.12.2}% 160
\BOOKMARK [4][-]{paragraph*.45}{FCN\040architecture}{subsubsection*.44}% 161
\BOOKMARK [3][-]{subsubsection*.46}{Convolutional\040neural\040network}{subsection.6.12.2}% 162
\BOOKMARK [0][-]{chapter.7}{Ensembles\040of\040models\040and\040feature\040selection}{}% 163
\BOOKMARK [1][-]{section.7.1}{Reminder:\040Supervised\040learning}{chapter.7}% 164
\BOOKMARK [2][-]{subsection.7.1.1}{Regression}{section.7.1}% 165
\BOOKMARK [2][-]{subsection.7.1.2}{Error\040measurement}{section.7.1}% 166
\BOOKMARK [1][-]{section.7.2}{Feature\040selection}{chapter.7}% 167
\BOOKMARK [2][-]{subsection.7.2.1}{Data\040overview\040and\040preprocessing}{section.7.2}% 168
\BOOKMARK [2][-]{subsection.7.2.2}{Input\040and\040output\040variables}{section.7.2}% 169
\BOOKMARK [2][-]{subsection.7.2.3}{Modelling\040with\040linear\040and\040decision\040tree\040models}{section.7.2}% 170
\BOOKMARK [3][-]{subsubsection*.47}{Linear\040model}{subsection.7.2.3}% 171
\BOOKMARK [3][-]{subsubsection*.48}{Decision\040tree}{subsection.7.2.3}% 172
\BOOKMARK [3][-]{subsubsection*.49}{Ridge\040regression\040with\040LOO-CV}{subsection.7.2.3}% 173
\BOOKMARK [3][-]{subsubsection*.50}{Selection\040bias}{subsection.7.2.3}% 174
\BOOKMARK [2][-]{subsection.7.2.4}{Ensemble\040of\040models}{section.7.2}% 175
\BOOKMARK [1][-]{section.7.3}{Feature\040selection}{chapter.7}% 176
\BOOKMARK [2][-]{subsection.7.3.1}{Filter\040methods}{section.7.3}% 177
\BOOKMARK [3][-]{subsubsection*.51}{Correlation\040with\040the\040output}{subsection.7.3.1}% 178
\BOOKMARK [3][-]{subsubsection*.52}{mRMR}{subsection.7.3.1}% 179
\BOOKMARK [3][-]{subsubsection*.53}{PCA}{subsection.7.3.1}% 180
\BOOKMARK [2][-]{subsection.7.3.2}{Wrapper\040methods}{section.7.3}% 181
\BOOKMARK [1][-]{section.7.4}{Using\040other\040predictive\040models}{chapter.7}% 182
\BOOKMARK [0][-]{chapter.8}{Classification}{}% 183
\BOOKMARK [1][-]{section.8.1}{Introduction}{chapter.8}% 184
\BOOKMARK [1][-]{section.8.2}{Data\040generation}{chapter.8}% 185
\BOOKMARK [2][-]{subsection.8.2.1}{Generative\040way:}{section.8.2}% 186
\BOOKMARK [2][-]{subsection.8.2.2}{Discriminative\040way}{section.8.2}% 187
\BOOKMARK [1][-]{section.8.3}{Exercises}{chapter.8}% 188
\BOOKMARK [2][-]{subsection.8.3.1}{Question\0401}{section.8.3}% 189
\BOOKMARK [2][-]{subsection.8.3.2}{Question\0402}{section.8.3}% 190
\BOOKMARK [2][-]{subsection.8.3.3}{Question\0403}{section.8.3}% 191
\BOOKMARK [1][-]{section.8.4}{Metrics\040and\040model\040evaluations\040methods}{chapter.8}% 192
\BOOKMARK [1][-]{section.8.5}{Bayes\040classifier}{chapter.8}% 193
\BOOKMARK [1][-]{section.8.6}{Linear\040model\040for\040classification}{chapter.8}% 194
\BOOKMARK [2][-]{subsection.8.6.1}{Multi-layers\040perceptron}{section.8.6}% 195
\BOOKMARK [1][-]{section.8.7}{Exercises}{chapter.8}% 196
\BOOKMARK [2][-]{subsection.8.7.1}{KNN}{section.8.7}% 197
\BOOKMARK [2][-]{subsection.8.7.2}{Bayes}{section.8.7}% 198
\BOOKMARK [2][-]{subsection.8.7.3}{Other\040models}{section.8.7}% 199
\BOOKMARK [2][-]{subsection.8.7.4}{More\040classes}{section.8.7}% 200
\BOOKMARK [1][-]{section.8.8}{ROC\040curve}{chapter.8}% 201
\BOOKMARK [2][-]{subsection.8.8.1}{Exercise}{section.8.8}% 202
\BOOKMARK [2][-]{subsection.8.8.2}{More\040models}{section.8.8}% 203
\BOOKMARK [1][-]{section.8.9}{Unequal\040costs}{chapter.8}% 204
\BOOKMARK [2][-]{subsection.8.9.1}{Exercise}{section.8.9}% 205
\BOOKMARK [0][-]{chapter.9}{Conclusion}{}% 206
\BOOKMARK [1][-]{section.9.1}{A\040Practical\040Checklist:\040Building\040a\040Machine\040Learning\040Pipeline}{chapter.9}% 207
\BOOKMARK [2][-]{subsection.9.1.1}{Understanding\040the\040Task}{section.9.1}% 208
\BOOKMARK [2][-]{subsection.9.1.2}{Understanding\040the\040Inputs}{section.9.1}% 209
\BOOKMARK [2][-]{subsection.9.1.3}{Exploring\040the\040Data}{section.9.1}% 210
\BOOKMARK [2][-]{subsection.9.1.4}{Evaluating\040Models}{section.9.1}% 211
\BOOKMARK [2][-]{subsection.9.1.5}{Thinking\040Critically}{section.9.1}% 212
\BOOKMARK [1][-]{section.9.2}{Final\040Words}{chapter.9}% 213
\BOOKMARK [0][-]{chapter.10}{Bibliography}{}% 214
