\BOOKMARK [0][-]{chapter.1}{Introduction}{}% 1
\BOOKMARK [1][-]{section.1.1}{Welcome}{chapter.1}% 2
\BOOKMARK [1][-]{section.1.2}{Why\040This\040Course?}{chapter.1}% 3
\BOOKMARK [1][-]{section.1.3}{Course\040Overview}{chapter.1}% 4
\BOOKMARK [2][-]{subsection.1.3.1}{Introduction\040to\040Probabilistic\040Methods\040and\040Monte\040Carlo\040Simulations}{section.1.3}% 5
\BOOKMARK [2][-]{subsection.1.3.2}{Linear\040Models}{section.1.3}% 6
\BOOKMARK [2][-]{subsection.1.3.3}{Preprocessing,\040Local\040Models\040and\040Tree-Based\040Models}{section.1.3}% 7
\BOOKMARK [2][-]{subsection.1.3.4}{Neural\040Networks\040for\040Regression}{section.1.3}% 8
\BOOKMARK [2][-]{subsection.1.3.5}{Ensemble\040Models\040and\040Feature\040Selection}{section.1.3}% 9
\BOOKMARK [2][-]{subsection.1.3.6}{Classification}{section.1.3}% 10
\BOOKMARK [1][-]{section.1.4}{Practical\040Exercises}{chapter.1}% 11
\BOOKMARK [1][-]{section.1.5}{Final\040Notes}{chapter.1}% 12
\BOOKMARK [0][-]{chapter.2}{Introduction\040to\040Probabilistic\040Methods\040and\040Monte\040Carlo\040Simulations}{}% 13
\BOOKMARK [1][-]{section.2.1}{Necessary\040Libraries}{chapter.2}% 14
\BOOKMARK [1][-]{section.2.2}{Introduction\040to\040NumPy}{chapter.2}% 15
\BOOKMARK [2][-]{subsection.2.2.1}{Manipulation\040of\040NumPy\040Arrays}{section.2.2}% 16
\BOOKMARK [2][-]{subsection.2.2.2}{Basic\040Operations}{section.2.2}% 17
\BOOKMARK [1][-]{section.2.3}{Probabilistic\040Foundations}{chapter.2}% 18
\BOOKMARK [2][-]{subsection.2.3.1}{Expectation\040and\040Variance}{section.2.3}% 19
\BOOKMARK [2][-]{subsection.2.3.2}{Common\040Probability\040Distributions}{section.2.3}% 20
\BOOKMARK [3][-]{subsubsection*.3}{Uniform\040Distribution}{subsection.2.3.2}% 21
\BOOKMARK [3][-]{subsubsection*.4}{Normal\040\(Gaussian\)\040Distribution}{subsection.2.3.2}% 22
\BOOKMARK [1][-]{section.2.4}{Introduction\040to\040the\040numpy.random\040Module}{chapter.2}% 23
\BOOKMARK [2][-]{subsection.2.4.1}{Reproducibility\040of\040Results}{section.2.4}% 24
\BOOKMARK [2][-]{subsection.2.4.2}{Available\040Distributions}{section.2.4}% 25
\BOOKMARK [2][-]{subsection.2.4.3}{Sampling}{section.2.4}% 26
\BOOKMARK [2][-]{subsection.2.4.4}{Statistical\040Analysis}{section.2.4}% 27
\BOOKMARK [2][-]{subsection.2.4.5}{Exercise:\040Histogram}{section.2.4}% 28
\BOOKMARK [3][-]{subsubsection*.5}{Solution}{subsection.2.4.5}% 29
\BOOKMARK [1][-]{section.2.5}{Monte\040Carlo\040Simulation}{chapter.2}% 30
\BOOKMARK [2][-]{subsection.2.5.1}{Monte\040Carlo\040Integration}{section.2.5}% 31
\BOOKMARK [2][-]{subsection.2.5.2}{Exercise:\040Integral\040Estimation}{section.2.5}% 32
\BOOKMARK [3][-]{subsubsection*.6}{Solution}{subsection.2.5.2}% 33
\BOOKMARK [2][-]{subsection.2.5.3}{Exercise:\040Probability\040Estimation}{section.2.5}% 34
\BOOKMARK [3][-]{subsubsection*.7}{Solution}{subsection.2.5.3}% 35
\BOOKMARK [2][-]{subsection.2.5.4}{Exercise:\040Monte\040Carlo\040Approximation\040of\040Parameters}{section.2.5}% 36
\BOOKMARK [3][-]{subsubsection*.8}{Solution}{subsection.2.5.4}% 37
\BOOKMARK [2][-]{subsection.2.5.5}{Exercise:\040Absolute\040Value}{section.2.5}% 38
\BOOKMARK [3][-]{subsubsection*.9}{Solution}{subsection.2.5.5}% 39
\BOOKMARK [2][-]{subsection.2.5.6}{Exercise:\040Expected\040Value\040for\040any\040Function}{section.2.5}% 40
\BOOKMARK [3][-]{subsubsection*.10}{Solution}{subsection.2.5.6}% 41
\BOOKMARK [2][-]{subsection.2.5.7}{Exercise:\040Variance\040of\040Uniform\040Random\040Variable}{section.2.5}% 42
\BOOKMARK [3][-]{subsubsection*.11}{Solution}{subsection.2.5.7}% 43
\BOOKMARK [2][-]{subsection.2.5.8}{Exercise:\040Covariance\040of\040a\040Multiple\040of\040a\040Random\040Variable}{section.2.5}% 44
\BOOKMARK [3][-]{subsubsection*.12}{Solution}{subsection.2.5.8}% 45
\BOOKMARK [1][-]{section.2.6}{Multivariate\040Gaussian\040Distributions}{chapter.2}% 46
\BOOKMARK [2][-]{subsection.2.6.1}{Exercise:\0402D\040Monte\040Carlo\040Simulation}{section.2.6}% 47
\BOOKMARK [3][-]{subsubsection*.13}{Solution}{subsection.2.6.1}% 48
\BOOKMARK [2][-]{subsection.2.6.2}{Exercise:}{section.2.6}% 49
\BOOKMARK [3][-]{subsubsection*.14}{Solution}{subsection.2.6.2}% 50
\BOOKMARK [2][-]{subsection.2.6.3}{Exercise:\040Trivariate\040Gaussian\040Data}{section.2.6}% 51
\BOOKMARK [3][-]{subsubsection*.15}{Solution}{subsection.2.6.3}% 52
\BOOKMARK [2][-]{subsection.2.6.4}{Exercise:\040Partial\040Correlation}{section.2.6}% 53
\BOOKMARK [3][-]{subsubsection*.16}{Solution}{subsection.2.6.4}% 54
\BOOKMARK [1][-]{section.2.7}{Minimization}{chapter.2}% 55
\BOOKMARK [2][-]{subsection.2.7.1}{Exercise:\040Minimization}{section.2.7}% 56
\BOOKMARK [3][-]{subsubsection*.17}{Solution}{subsection.2.7.1}% 57
\BOOKMARK [1][-]{section.2.8}{Mixture\040of\040Gaussians}{chapter.2}% 58
\BOOKMARK [1][-]{section.2.9}{Conclusion}{chapter.2}% 59
\BOOKMARK [0][-]{chapter.3}{Linear\040Models}{}% 60
\BOOKMARK [1][-]{section.3.1}{Introduction}{chapter.3}% 61
\BOOKMARK [1][-]{section.3.2}{Generating\040Synthetic\040Multivariate\040Data}{chapter.3}% 62
\BOOKMARK [2][-]{subsection.3.2.1}{Exercise}{section.3.2}% 63
\BOOKMARK [3][-]{subsubsection*.18}{Solution}{subsection.3.2.1}% 64
\BOOKMARK [2][-]{subsection.3.2.2}{Quick\040Data\040Inspection}{section.3.2}% 65
\BOOKMARK [1][-]{section.3.3}{\376\377\000O\000r\000d\000i\000n\000a\000r\000y\000\040\000L\000e\000a\000s\000t\000\040\000S\000q\000u\000a\000r\000e\000s\000\040\000\050\000O\000L\000S\000\051\000\040\040\023\000\040\000M\000a\000n\000u\000a\000l\000\040\000C\000o\000m\000p\000u\000t\000a\000t\000i\000o\000n\000\040\000U\000s\000i\000n\000g\000\040\000M\000a\000t\000r\000i\000x\000\040\000A\000l\000g\000e\000b\000r\000a}{chapter.3}% 66
\BOOKMARK [2][-]{subsection.3.3.1}{Comparison\040with\040statsmodels}{section.3.3}% 67
\BOOKMARK [2][-]{subsection.3.3.2}{Observations}{section.3.3}% 68
\BOOKMARK [1][-]{section.3.4}{Residual\040Analysis\040and\040Tests}{chapter.3}% 69
\BOOKMARK [2][-]{subsection.3.4.1}{Residuals\040vs.\040Fitted\040Plot}{section.3.4}% 70
\BOOKMARK [2][-]{subsection.3.4.2}{Normal\040Q-Q\040Plot\040\(Quantile-Quantile\040Plot\)}{section.3.4}% 71
\BOOKMARK [3][-]{subsubsection*.19}{Comments}{subsection.3.4.2}% 72
\BOOKMARK [1][-]{section.3.5}{Input\040Transformations\040-\040Polynomial\040Features}{chapter.3}% 73
\BOOKMARK [2][-]{subsection.3.5.1}{Example:\040Still\040a\040Linear\040Model}{section.3.5}% 74
\BOOKMARK [2][-]{subsection.3.5.2}{What\040Would\040NOT\040Be\040a\040Linear\040Model?}{section.3.5}% 75
\BOOKMARK [1][-]{section.3.6}{Why\040Use\040Polynomial\040Features\040in\040Linear\040Regression?}{chapter.3}% 76
\BOOKMARK [2][-]{subsection.3.6.1}{Polynomial\040Feature\040Expansion}{section.3.6}% 77
\BOOKMARK [2][-]{subsection.3.6.2}{Example}{section.3.6}% 78
\BOOKMARK [2][-]{subsection.3.6.3}{How\040to\040Implement\040Polynomial\040Features\040in\040Python}{section.3.6}% 79
\BOOKMARK [3][-]{subsubsection*.20}{Residual\040analysis\040and\040QQ-plot}{subsection.3.6.3}% 80
\BOOKMARK [1][-]{section.3.7}{RBF\040Expansion}{chapter.3}% 81
\BOOKMARK [2][-]{subsection.3.7.1}{What\040is\040RBF\040Expansion?}{section.3.7}% 82
\BOOKMARK [3][-]{subsubsection*.21}{Why\040Use\040RBF\040Instead\040of\040Polynomial\040Expansion?}{subsection.3.7.1}% 83
\BOOKMARK [2][-]{subsection.3.7.2}{Implementing\040RBF\040Expansion\040with\040Random\040Fourier\040Features}{section.3.7}% 84
\BOOKMARK [3][-]{subsubsection*.22}{Comments}{subsection.3.7.2}% 85
\BOOKMARK [1][-]{section.3.8}{Ridge\040Regression}{chapter.3}% 86
\BOOKMARK [2][-]{subsection.3.8.1}{Ridge\040Closed-form}{section.3.8}% 87
\BOOKMARK [2][-]{subsection.3.8.2}{Residual\040analysis\040for\040Ridge}{section.3.8}% 88
\BOOKMARK [1][-]{section.3.9}{Conclusion}{chapter.3}% 89
\BOOKMARK [0][-]{chapter.4}{Data\040Preprocessing,\040Local\040Models\040and\040Tree-Based\040Models}{}% 90
\BOOKMARK [1][-]{section.4.1}{Introduction}{chapter.4}% 91
\BOOKMARK [2][-]{subsection.4.1.1}{Important\040precision\040about\040the\040evaluation\040metric\040used\040in\040this\040practical}{section.4.1}% 92
\BOOKMARK [2][-]{subsection.4.1.2}{Data\040preprocessing\040overview}{section.4.1}% 93
\BOOKMARK [1][-]{section.4.2}{K-Nearest\040Neighbors}{chapter.4}% 94
\BOOKMARK [1][-]{section.4.3}{Regression\040Trees}{chapter.4}% 95
\BOOKMARK [1][-]{section.4.4}{Random\040Forests}{chapter.4}% 96
\BOOKMARK [2][-]{subsection.4.4.1}{Why\040does\040this\040reduce\040variance?}{section.4.4}% 97
\BOOKMARK [2][-]{subsection.4.4.2}{Main\040Hyperparameters}{section.4.4}% 98
\BOOKMARK [1][-]{section.4.5}{Feature\040Importances}{chapter.4}% 99
\BOOKMARK [1][-]{section.4.6}{Scikit-learn\040Pipelines}{chapter.4}% 100
\BOOKMARK [1][-]{section.4.7}{Exercises}{chapter.4}% 101
\BOOKMARK [2][-]{subsection.4.7.1}{California\040Housing}{section.4.7}% 102
\BOOKMARK [2][-]{subsection.4.7.2}{Solution}{section.4.7}% 103
\BOOKMARK [3][-]{subsubsection*.23}{Dataset\040and\040exploration}{subsection.4.7.2}% 104
\BOOKMARK [3][-]{subsubsection*.24}{Handling\040Missing\040Values}{subsection.4.7.2}% 105
\BOOKMARK [4][-]{paragraph*.25}{An\040advanced\040method:\040KNNImputer}{subsubsection*.24}% 106
\BOOKMARK [3][-]{subsubsection*.26}{Dealing\040with\040Categorical\040Values}{subsection.4.7.2}% 107
\BOOKMARK [3][-]{subsubsection*.27}{Normalization/Scaling}{subsection.4.7.2}% 108
\BOOKMARK [2][-]{subsection.4.7.3}{Vanilla\040KNN\040Implementation}{section.4.7}% 109
\BOOKMARK [3][-]{subsubsection*.28}{Solution}{subsection.4.7.3}% 110
\BOOKMARK [2][-]{subsection.4.7.4}{Regression\040Trees\040and\040Random\040Forests}{section.4.7}% 111
\BOOKMARK [2][-]{subsection.4.7.5}{Solution}{section.4.7}% 112
\BOOKMARK [3][-]{subsubsection*.29}{Implementation\040with\040scikit-learn}{subsection.4.7.5}% 113
\BOOKMARK [4][-]{paragraph*.30}{Exploring\040Key\040Parameters}{subsubsection*.29}% 114
\BOOKMARK [5][-]{subparagraph*.31}{Decision\040Tree:\040max_depth}{paragraph*.30}% 115
\BOOKMARK [4][-]{paragraph*.32}{Random\040Forest:\040n_estimators}{subsubsection*.29}% 116
\BOOKMARK [3][-]{subsubsection*.33}{Feature\040importance\040with\040the\040best\040models}{subsection.4.7.5}% 117
\BOOKMARK [2][-]{subsection.4.7.6}{Building\040a\040Pipeline}{section.4.7}% 118
\BOOKMARK [3][-]{subsubsection*.34}{Solution}{subsection.4.7.6}% 119
\BOOKMARK [2][-]{subsection.4.7.7}{\376\377\000A\000d\000d\000i\000t\000i\000o\000n\000a\000l\000\040\000e\000x\000e\000r\000c\000i\000s\000e\000:\000\040\000b\000i\000a\000s\040\023\000v\000a\000r\000i\000a\000n\000c\000e\000\040\000t\000r\000a\000d\000e\000-\000o\000f\000f\000\040\000i\000n\000\040\000r\000e\000g\000r\000e\000s\000s\000i\000o\000n\000\040\000w\000i\000t\000h\000\040\000d\000e\000c\000i\000s\000i\000o\000n\000\040\000t\000r\000e\000e\000s}{section.4.7}% 120
\BOOKMARK [3][-]{subsubsection*.35}{Solution}{subsection.4.7.7}% 121
\BOOKMARK [0][-]{chapter.5}{Neural\040Networks\040for\040Regression}{}% 122
\BOOKMARK [1][-]{section.5.1}{Introduction}{chapter.5}% 123
\BOOKMARK [2][-]{subsection.5.1.1}{Data\040Preprocessing\040for\040Neural\040Networks}{section.5.1}% 124
\BOOKMARK [3][-]{subsubsection*.36}{Normalization\040and\040Standardization}{subsection.5.1.1}% 125
\BOOKMARK [3][-]{subsubsection*.37}{Input\040Data\040Shaping}{subsection.5.1.1}% 126
\BOOKMARK [1][-]{section.5.2}{Feed-Forward\040Neural\040Networks\040\(MLPs\)}{chapter.5}% 127
\BOOKMARK [2][-]{subsection.5.2.1}{Architecture\040and\040Notation}{section.5.2}% 128
\BOOKMARK [1][-]{section.5.3}{Convolutional\040Neural\040Networks\040\(CNNs\)}{chapter.5}% 129
\BOOKMARK [2][-]{subsection.5.3.1}{Convolution\040Operation}{section.5.3}% 130
\BOOKMARK [2][-]{subsection.5.3.2}{Pooling\040Layers}{section.5.3}% 131
\BOOKMARK [1][-]{section.5.4}{Activation\040Functions}{chapter.5}% 132
\BOOKMARK [1][-]{section.5.5}{Cost\040function\040and\040matrix-based\040Back-Propagation}{chapter.5}% 133
\BOOKMARK [2][-]{subsection.5.5.1}{Sum\040of\040Squared\040Errors\040\(SSE\)}{section.5.5}% 134
\BOOKMARK [2][-]{subsection.5.5.2}{Gradient\040Descent\040Update}{section.5.5}% 135
\BOOKMARK [2][-]{subsection.5.5.3}{Back-Propagation\040\(Algorithm\0402\)}{section.5.5}% 136
\BOOKMARK [1][-]{section.5.6}{Example\0401:\040Back-Propagation\040in\040a\040MLP}{chapter.5}% 137
\BOOKMARK [1][-]{section.5.7}{Overfitting\040and\040Cross-Validation}{chapter.5}% 138
\BOOKMARK [2][-]{subsection.5.7.1}{Overfitting\040Phenomenon}{section.5.7}% 139
\BOOKMARK [2][-]{subsection.5.7.2}{Detection\040and\040Mitigation}{section.5.7}% 140
\BOOKMARK [1][-]{section.5.8}{Model\040Persistence:\040Saving\040and\040Loading\040Models\040in\040PyTorch}{chapter.5}% 141
\BOOKMARK [1][-]{section.5.9}{Example\0402:\040CNN\040for\040Regression}{chapter.5}% 142
\BOOKMARK [1][-]{section.5.10}{Introduction\040to\040PyTorch\040tensors}{chapter.5}% 143
\BOOKMARK [2][-]{subsection.5.10.1}{Creating\040Tensors}{section.5.10}% 144
\BOOKMARK [2][-]{subsection.5.10.2}{Basic\040Tensor\040Operations}{section.5.10}% 145
\BOOKMARK [3][-]{subsubsection*.38}{Arithmetic\040operations}{subsection.5.10.2}% 146
\BOOKMARK [3][-]{subsubsection*.39}{Indexing\040and\040slicing}{subsection.5.10.2}% 147
\BOOKMARK [4][-]{paragraph*.40}{In\040this\040code:}{subsubsection*.39}% 148
\BOOKMARK [3][-]{subsubsection*.41}{Reshaping\040and\040concatenation}{subsection.5.10.2}% 149
\BOOKMARK [2][-]{subsection.5.10.3}{Autograd\040and\040Gradients}{section.5.10}% 150
\BOOKMARK [2][-]{subsection.5.10.4}{Advanced\040Tensor\040Functions}{section.5.10}% 151
\BOOKMARK [3][-]{subsubsection*.42}{Broadcasting}{subsection.5.10.4}% 152
\BOOKMARK [3][-]{subsubsection*.43}{Device\040Management\040\(CPU\040vs\040GPU\)}{subsection.5.10.4}% 153
\BOOKMARK [3][-]{subsubsection*.44}{In-place\040Operations}{subsection.5.10.4}% 154
\BOOKMARK [1][-]{section.5.11}{Exercises}{chapter.5}% 155
\BOOKMARK [2][-]{subsection.5.11.1}{Comparison\040of\040symbolic\040and\040automatic\040differentiation\040in\040a\040simple\040feedforward\040neural\040network}{section.5.11}% 156
\BOOKMARK [1][-]{section.5.12}{Problem\040setup}{chapter.5}% 157
\BOOKMARK [1][-]{section.5.13}{PyTorch\040implementation}{chapter.5}% 158
\BOOKMARK [2][-]{subsection.5.13.1}{Define\040the\040activation\040function\040and\040its\040derivative}{section.5.13}% 159
\BOOKMARK [2][-]{subsection.5.13.2}{Define\040the\040working\040variables}{section.5.13}% 160
\BOOKMARK [2][-]{subsection.5.13.3}{Forward\040pass}{section.5.13}% 161
\BOOKMARK [2][-]{subsection.5.13.4}{Symbolic\040gradients}{section.5.13}% 162
\BOOKMARK [2][-]{subsection.5.13.5}{Automatic\040differentiation}{section.5.13}% 163
\BOOKMARK [2][-]{subsection.5.13.6}{Comparison\040of\040symbolic\040and\040automatic\040differentiation}{section.5.13}% 164
\BOOKMARK [2][-]{subsection.5.13.7}{Facial\040keypoints\040detection\040with\040PyTorch\040FCN\040and\040CNN\040architectures}{section.5.13}% 165
\BOOKMARK [2][-]{subsection.5.13.8}{Dataset\040overview}{section.5.13}% 166
\BOOKMARK [3][-]{subsubsection*.45}{Data\040format}{subsection.5.13.8}% 167
\BOOKMARK [3][-]{subsubsection*.46}{Missing\040values}{subsection.5.13.8}% 168
\BOOKMARK [1][-]{section.5.14}{Data\040exploration}{chapter.5}% 169
\BOOKMARK [2][-]{subsection.5.14.1}{Missing\040Values}{section.5.14}% 170
\BOOKMARK [2][-]{subsection.5.14.2}{Sample\040visualization}{section.5.14}% 171
\BOOKMARK [1][-]{section.5.15}{Data\040preprocessing}{chapter.5}% 172
\BOOKMARK [1][-]{section.5.16}{Fully\040connected\040neural\040network\040\(FCN\)}{chapter.5}% 173
\BOOKMARK [2][-]{subsection.5.16.1}{FCN\040architecture}{section.5.16}% 174
\BOOKMARK [2][-]{subsection.5.16.2}{Split\040the\040Flattened\040Dataset\040for\040Training/Validation}{section.5.16}% 175
\BOOKMARK [2][-]{subsection.5.16.3}{Create\040PyTorch\040Datasets\040and\040DataLoaders}{section.5.16}% 176
\BOOKMARK [2][-]{subsection.5.16.4}{Instantiate\040the\040FCN\040Model,\040define\040criterion\040and\040the\040optimizer}{section.5.16}% 177
\BOOKMARK [2][-]{subsection.5.16.5}{Training\040with\040ongoing\040evaluation\040of\040the\040validation\040error}{section.5.16}% 178
\BOOKMARK [2][-]{subsection.5.16.6}{Evaluate\040on\040validation\040set}{section.5.16}% 179
\BOOKMARK [1][-]{section.5.17}{Convolutional\040neural\040network}{chapter.5}% 180
\BOOKMARK [1][-]{section.5.18}{Training\040the\040model}{chapter.5}% 181
\BOOKMARK [1][-]{section.5.19}{Evaluation\040and\040results}{chapter.5}% 182
\BOOKMARK [2][-]{subsection.5.19.1}{Visualizing\040predictions}{section.5.19}% 183
\BOOKMARK [0][-]{chapter.6}{Ensembles\040of\040models\040and\040feature\040selection}{}% 184
\BOOKMARK [1][-]{section.6.1}{Reminder:\040Supervised\040learning}{chapter.6}% 185
\BOOKMARK [2][-]{subsection.6.1.1}{Regression}{section.6.1}% 186
\BOOKMARK [2][-]{subsection.6.1.2}{Error\040measurement}{section.6.1}% 187
\BOOKMARK [1][-]{section.6.2}{Feature\040selection}{chapter.6}% 188
\BOOKMARK [2][-]{subsection.6.2.1}{Data\040overview\040and\040preprocessing}{section.6.2}% 189
\BOOKMARK [2][-]{subsection.6.2.2}{Input\040and\040output\040variables}{section.6.2}% 190
\BOOKMARK [2][-]{subsection.6.2.3}{Modelling\040with\040linear\040and\040decision\040tree\040models}{section.6.2}% 191
\BOOKMARK [3][-]{subsubsection*.47}{Linear\040model}{subsection.6.2.3}% 192
\BOOKMARK [3][-]{subsubsection*.48}{Decision\040tree}{subsection.6.2.3}% 193
\BOOKMARK [3][-]{subsubsection*.49}{Ridge\040regression\040with\040LOO-CV}{subsection.6.2.3}% 194
\BOOKMARK [3][-]{subsubsection*.50}{Selection\040bias}{subsection.6.2.3}% 195
\BOOKMARK [2][-]{subsection.6.2.4}{Ensemble\040of\040models}{section.6.2}% 196
\BOOKMARK [1][-]{section.6.3}{Feature\040selection}{chapter.6}% 197
\BOOKMARK [2][-]{subsection.6.3.1}{Filter\040methods}{section.6.3}% 198
\BOOKMARK [3][-]{subsubsection*.51}{Correlation\040with\040the\040output}{subsection.6.3.1}% 199
\BOOKMARK [3][-]{subsubsection*.52}{mRMR}{subsection.6.3.1}% 200
\BOOKMARK [3][-]{subsubsection*.53}{PCA}{subsection.6.3.1}% 201
\BOOKMARK [2][-]{subsection.6.3.2}{Wrapper\040methods}{section.6.3}% 202
\BOOKMARK [1][-]{section.6.4}{Using\040other\040predictive\040models}{chapter.6}% 203
\BOOKMARK [0][-]{chapter.7}{Classification}{}% 204
\BOOKMARK [1][-]{section.7.1}{Introduction}{chapter.7}% 205
\BOOKMARK [1][-]{section.7.2}{Data\040generation}{chapter.7}% 206
\BOOKMARK [2][-]{subsection.7.2.1}{Generative\040way:}{section.7.2}% 207
\BOOKMARK [2][-]{subsection.7.2.2}{Discriminative\040way}{section.7.2}% 208
\BOOKMARK [1][-]{section.7.3}{Exercises}{chapter.7}% 209
\BOOKMARK [2][-]{subsection.7.3.1}{Question\0401}{section.7.3}% 210
\BOOKMARK [2][-]{subsection.7.3.2}{Question\0402}{section.7.3}% 211
\BOOKMARK [2][-]{subsection.7.3.3}{Question\0403}{section.7.3}% 212
\BOOKMARK [1][-]{section.7.4}{Metrics\040and\040model\040evaluations\040methods}{chapter.7}% 213
\BOOKMARK [1][-]{section.7.5}{Bayes\040classifier}{chapter.7}% 214
\BOOKMARK [1][-]{section.7.6}{Linear\040model\040for\040classification}{chapter.7}% 215
\BOOKMARK [2][-]{subsection.7.6.1}{Multi-layers\040perceptron}{section.7.6}% 216
\BOOKMARK [1][-]{section.7.7}{Exercises}{chapter.7}% 217
\BOOKMARK [2][-]{subsection.7.7.1}{KNN}{section.7.7}% 218
\BOOKMARK [2][-]{subsection.7.7.2}{Bayes}{section.7.7}% 219
\BOOKMARK [2][-]{subsection.7.7.3}{Other\040models}{section.7.7}% 220
\BOOKMARK [2][-]{subsection.7.7.4}{More\040classes}{section.7.7}% 221
\BOOKMARK [1][-]{section.7.8}{ROC\040curve}{chapter.7}% 222
\BOOKMARK [2][-]{subsection.7.8.1}{Exercise}{section.7.8}% 223
\BOOKMARK [2][-]{subsection.7.8.2}{More\040models}{section.7.8}% 224
\BOOKMARK [1][-]{section.7.9}{Unequal\040costs}{chapter.7}% 225
\BOOKMARK [2][-]{subsection.7.9.1}{Exercise}{section.7.9}% 226
\BOOKMARK [0][-]{chapter.8}{Conclusion}{}% 227
\BOOKMARK [1][-]{section.8.1}{A\040Practical\040Checklist:\040Building\040a\040Machine\040Learning\040Pipeline}{chapter.8}% 228
\BOOKMARK [2][-]{subsection.8.1.1}{Understanding\040the\040Task}{section.8.1}% 229
\BOOKMARK [2][-]{subsection.8.1.2}{Understanding\040the\040Inputs}{section.8.1}% 230
\BOOKMARK [2][-]{subsection.8.1.3}{Exploring\040the\040Data}{section.8.1}% 231
\BOOKMARK [2][-]{subsection.8.1.4}{Evaluating\040Models}{section.8.1}% 232
\BOOKMARK [2][-]{subsection.8.1.5}{Thinking\040Critically}{section.8.1}% 233
\BOOKMARK [1][-]{section.8.2}{Final\040Words}{chapter.8}% 234
\BOOKMARK [0][-]{chapter.9}{Bibliography}{}% 235
\BOOKMARK [0][-]{chapter*.54}{Bibliography}{}% 236
